                                            ASSIGNMENT-1
Tasks To Be Performed:
1. Based on what you have learnt in the class, do the following steps:
a. Create a new folder
b. Put the following files in the folder
● Code.txt
● Log.txt
● Output.txt
c. Stage the Code.txt and Output.txt files
d. Commit them
e. And finally push them to GitHub

=============================^^^^^^^^^^^^^^^^^^^==================================

a)  mkdir gittest1
    cd    gittest1

b) touch  code.txt  log.txt  output.txt

c)  git add code.txt output.txt
    git status
    
    RESULT:  
   On branch master
Changes to be committed:
  (use "git restore --staged <file>..." to unstage)
        new file:   code.txt
        new file:   output.txt

Untracked files:
  (use "git add <file>..." to include in what will be committed)
        log.txt


d) git commit -m "added code.txt and output.txt" 


e)  git push origin master
 
  RESULT:
Enumerating objects: 4, done.
Counting objects: 100% (4/4), done.
Compressing objects: 100% (3/3), done.
Writing objects: 100% (3/3), 347 bytes | 347.00 KiB/s, done.
Total 3 (delta 1), reused 0 (delta 0), pack-reused 0
remote: Resolving deltas: 100% (1/1), completed with 1 local object.
To https://github.com/L-Nisanth/gitPracice
   5dd83ce..095e6f4  master -> master



